To Build: 8
  - lib13, lib14, lib15
  ...

Building: 7
  - lib10, lib11, lib12
  - lib6, lib7, lib8
  - lib9

Completed: 5
  - lib1, lib2, lib3
  - lib4, lib5
