To Build: 216
  - BNFC-2.9.6.1, BNFC-meta-0.6.1, BiobaseNewick-0.0.0.2, Blammo-2.1.3.0, ChannelT-0.0.0.7, Chart-1.9.5, Chart-cairo-1.9.4.1, Chart-diagrams-1.9.5.1
  - ChasingBottoms-1.3.1.16, ClustalParser-1.3.0, Color-0.4.0, DAV-1.3.4, DPutils-0.1.1.0, ENIG-0.0.1.0, Earley-0.13.0.1, FenwickTree-0.1.2.1, FontyFruity-0.5.3.5
  - ForestStructures-0.0.1.1, GLFW-b-3.3.9.1, GLURaw-2.0.0.5, GLUT-2.7.0.16, Glob-0.10.2, HCodecs-0.5.2, HPDF-1.8, HSet-0.0.2, HStringTemplate-0.8.8, HTF-0.15.0.2
  - HTTP-4000.4.1, HUnit-approx-1.1.1.1, HaTeX-3.23.0.1, HaXml-1.25.14, HandsomeSoup-0.4.2, HaskellNet-0.6.2, HaskellNet-SSL-0.4.0.2, Hclip-3.0.0.4, HsYAML-aeson-0.2.0.2
  - IPv6Addr-2.0.6.1, IPv6DB-0.3.3.4, ImpSpec-0.1.0.0, Interpolation-0.3.0, JuicyCairo-0.1.0.1, JuicyPixels-3.3.9, JuicyPixels-extra-0.6.0, LPFP-1.1.5, ListLike-4.7.8.4
  - ListZipper-1.2.0.2, MemoTrie-0.6.11, MissingH-1.6.0.2, MonadRandom-0.6.2, MultipletCombiner-0.0.7, MusicBrainz-0.4.1, NanoID-3.4.1.1, OpenAL-1.7.0.5, OpenGL-3.0.3.0
  - Plural-0.0.2, QuasiText-0.1.2.6, QuickCheck-2.16.0.0, RSA-2.4.1, Ranged-sets-0.5.0, Rasterific-0.7.5.4, RefSerialize-0.4.0, SVGFonts-1.8.1, SciBaseTypes-0.1.1.0
  - ShellCheck-0.11.0, Sit-0.2023.8.3, Vis-1.0.0, active-0.2.1, adjunctions-4.4.3, aeson-2.2.3.0, alex-meta-0.3.0.13, ansi-terminal-1.1.3, asn1-encoding-0.9.6
  - asn1-parse-0.9.5, asn1-types-0.3.4, attoparsec-aeson-2.2.2.0, base64-1.0, bibtex-0.1.0.7, bifunctors-5.6.2, bindings-GLFW-3.3.9.2, bitvec-1.1.5.0, blaze-html-0.9.2.0
  - blaze-svg-0.3.7, bytes-0.17.4, cairo-0.13.12.0, cairo-image-0.1.0.5, cborg-0.2.10.0, cereal-vector-0.2.0.1, comonad-5.0.9, conduit-1.3.6.1, conduit-extra-1.3.8
  - cookie-0.5.1, cpphs-1.20.10, crypto-api-0.13.3, crypto-pubkey-types-0.4.3, crypton-1.0.4, crypton-connection-0.4.5, crypton-socks-0.6.2, crypton-x509-1.7.7
  - crypton-x509-store-1.6.11, crypton-x509-system-1.6.7, crypton-x509-validation-1.6.14, diagrams-cairo-1.5, diagrams-core-1.5.1.1, diagrams-lib-1.5.0.1
  - diagrams-postscript-1.5.3, diagrams-svg-1.5, distributive-0.6.2.1, dual-tree-0.2.3.1, ech-config-0.0.1, errors-2.3.0, fast-logger-3.2.6, free-5.2, generated-0.1.0.0
  ...

Building: 7
  - OpenGLRaw-3.3.4.1, async-2.2.5, case-insensitive-1.2.1.0, network-3.2.8.0, text-short-0.1.6, unordered-containers-0.2.20, zlib-0.7.1.1

Completed: 136
  - Boolean-0.2.4, BoundedChan-1.0.3.0, Decimal-0.5.2, Diff-1.0.2, FailT-0.1.2.0, FindBin-0.0.5, FloatingHex-0.5, GenericPretty-1.2.2, HSlippyMap-3.0.1, HSvm-1.0.3.35
  - HUnit-1.6.2.0, HasBigDecimal-0.2.0.0, HsYAML-0.2.1.5, IfElse-0.85, IntervalMap-0.6.2.1, LPFP-core-1.1.5, LetsBeRational-1.0.0.0, List-0.6.2, ListTree-0.2.3
  - Mantissa-0.1.0.0, MonadPrompt-1.0.0.5, NoHoed-0.1.1, NumInstances-1.4, ObjectName-1.1.0.2, OneTuple-0.4.2, Only-0.1, PSQueue-1.2.2, ParsecTools-0.0.2.0, PyF-0.11.4.0
  - RoundingFiasco-0.1.0.0, SHA-1.6.4.4, STMonadTrans-0.4.8.1, SafeSemaphore-0.10.1, StateVar-1.2.2, alex-3.5.4.0, ansi-terminal-types-1.1.3, appar-0.1.8, assoc-1.1.1
  - attoparsec-0.14.4, auto-update-0.2.6, base-orphans-0.9.3, base16-bytestring-1.0.2.0, base64-bytestring-1.2.1.0, basement-0.0.16, binary-orphans-1.0.5
  - bindings-DSL-1.0.25, blaze-builder-0.4.4.1, blaze-markup-0.8.3.0, bmp-1.2.6.4, byteorder-1.0.4, bytestring-lexing-0.5.0.15, c-enum-0.1.1.3, cabal-doctest-1.0.11
  - call-stack-0.4.0, cereal-0.5.8.3, cereal-text-0.1.0.2, character-ps-0.1, clock-0.8.4, colour-2.3.6, context-0.2.1.1, contravariant-1.5.5, cryptohash-md5-0.11.101.0
  - data-accessor-0.2.3.1, data-accessor-transformers-0.2.1.8, data-default-0.8.0.1, data-default-class-0.2.0.0, data-fix-0.3.4, data-lens-light-0.1.2.4
  - diagrams-solve-0.1.3.1, dlist-1.0, easy-file-0.2.5, entropy-0.4.1.11, envparse-0.6.0, extra-1.8, fail-4.9.0.0, fgl-5.8.3.0, file-embed-0.0.16.0, fingertree-0.1.6.2
  - fixed-0.3, fmlist-0.9.4, generically-0.1.1, groups-0.5.3, half-0.3.3, happy-lib-2.1.7, hashable-1.5.0.0, haskell-lexer-1.2.1, hourglass-0.2.12, hsc2hs-0.68.10
  - hspec-discover-2.11.13, hxt-charproperties-9.5.0.0, indexed-traversable-0.1.4, integer-logarithms-1.0.4, logict-0.8.2.0, loop-0.3.0, mime-types-0.1.2.0
  - monad-loops-0.4.3, network-byte-order-0.1.7, network-info-0.2.1, newtype-generics-0.6.2, old-locale-1.0.0.7, operational-0.2.4.2, parallel-3.2.2.0, polyparse-1.13.1
  - prettyprinter-1.7.1, primitive-0.9.1.0, reflection-2.1.9, regex-base-0.94.0.3, safe-0.3.21, safe-exceptions-0.1.7.4, scanner-0.3.1, semigroups-0.20, split-0.2.5
  ...
