To Build: 359
  - BNFC-2.9.6.1, BNFC-meta-0.6.1, BiobaseNewick-0.0.0.2, Blammo-2.1.3.0, Boolean-0.2.4, BoundedChan-1.0.3.0, ChannelT-0.0.0.7, Chart-1.9.5, Chart-cairo-1.9.4.1
  - Chart-diagrams-1.9.5.1, ChasingBottoms-1.3.1.16, ClustalParser-1.3.0, Color-0.4.0, DAV-1.3.4, DPutils-0.1.1.0, Decimal-0.5.2, Diff-1.0.2, ENIG-0.0.1.0, Earley-0.13.0.1
  - FailT-0.1.2.0, FenwickTree-0.1.2.1, FindBin-0.0.5, FloatingHex-0.5, FontyFruity-0.5.3.5, ForestStructures-0.0.1.1, GLFW-b-3.3.9.1, GLURaw-2.0.0.5, GLUT-2.7.0.16
  - GenericPretty-1.2.2, Glob-0.10.2, HCodecs-0.5.2, HPDF-1.8, HSet-0.0.2, HSlippyMap-3.0.1, HStringTemplate-0.8.8, HSvm-1.0.3.35, HTF-0.15.0.2, HTTP-4000.4.1
  - HUnit-1.6.2.0, HUnit-approx-1.1.1.1, HaTeX-3.23.0.1, HaXml-1.25.14, HandsomeSoup-0.4.2, HasBigDecimal-0.2.0.0, HaskellNet-0.6.2, HaskellNet-SSL-0.4.0.2, Hclip-3.0.0.4
  - HsYAML-0.2.1.5, HsYAML-aeson-0.2.0.2, IPv6Addr-2.0.6.1, IPv6DB-0.3.3.4, IfElse-0.85, ImpSpec-0.1.0.0, Interpolation-0.3.0, IntervalMap-0.6.2.1, JuicyCairo-0.1.0.1
  - JuicyPixels-3.3.9, JuicyPixels-extra-0.6.0, LPFP-1.1.5, LPFP-core-1.1.5, LetsBeRational-1.0.0.0, List-0.6.2, ListLike-4.7.8.4, ListTree-0.2.3, ListZipper-1.2.0.2
  - Mantissa-0.1.0.0, MemoTrie-0.6.11, MissingH-1.6.0.2, MonadPrompt-1.0.0.5, MonadRandom-0.6.2, MultipletCombiner-0.0.7, MusicBrainz-0.4.1, NanoID-3.4.1.1, NoHoed-0.1.1
  - NumInstances-1.4, ObjectName-1.1.0.2, OneTuple-0.4.2, Only-0.1, OpenAL-1.7.0.5, OpenGL-3.0.3.0, OpenGLRaw-3.3.4.1, PSQueue-1.2.2, ParsecTools-0.0.2.0, Plural-0.0.2
  - PyF-0.11.4.0, QuasiText-0.1.2.6, QuickCheck-2.16.0.0, RSA-2.4.1, Ranged-sets-0.5.0, Rasterific-0.7.5.4, RefSerialize-0.4.0, RoundingFiasco-0.1.0.0, SHA-1.6.4.4
  - STMonadTrans-0.4.8.1, SVGFonts-1.8.1, SafeSemaphore-0.10.1, SciBaseTypes-0.1.1.0, ShellCheck-0.11.0, Sit-0.2023.8.3, StateVar-1.2.2, Vis-1.0.0, active-0.2.1
  - adjunctions-4.4.3, aeson-2.2.3.0, alex-3.5.4.0, alex-meta-0.3.0.13, ansi-terminal-1.1.3, ansi-terminal-types-1.1.3, appar-0.1.8, asn1-encoding-0.9.6, asn1-parse-0.9.5
  - asn1-types-0.3.4, assoc-1.1.1, async-2.2.5, attoparsec-0.14.4, attoparsec-aeson-2.2.2.0, auto-update-0.2.6, base-orphans-0.9.3, base16-bytestring-1.0.2.0, base64-1.0
  - base64-bytestring-1.2.1.0, basement-0.0.16, bibtex-0.1.0.7, bifunctors-5.6.2, binary-orphans-1.0.5, bindings-DSL-1.0.25, bindings-GLFW-3.3.9.2, bitvec-1.1.5.0
  - blaze-builder-0.4.4.1, blaze-html-0.9.2.0, blaze-markup-0.8.3.0, blaze-svg-0.3.7, bmp-1.2.6.4, byteorder-1.0.4, bytes-0.17.4, bytestring-lexing-0.5.0.15, c-enum-0.1.1.3
  - cabal-doctest-1.0.11, cairo-0.13.12.0, cairo-image-0.1.0.5, call-stack-0.4.0, case-insensitive-1.2.1.0, cborg-0.2.10.0, cereal-0.5.8.3, cereal-text-0.1.0.2
  - cereal-vector-0.2.0.1, character-ps-0.1, clock-0.8.4, colour-2.3.6, comonad-5.0.9, conduit-1.3.6.1, conduit-extra-1.3.8, context-0.2.1.1, contravariant-1.5.5
  - cookie-0.5.1, cpphs-1.20.10, crypto-api-0.13.3, crypto-pubkey-types-0.4.3, cryptohash-md5-0.11.101.0, crypton-1.0.4, crypton-connection-0.4.5, crypton-socks-0.6.2
  - crypton-x509-1.7.7, crypton-x509-store-1.6.11, crypton-x509-system-1.6.7, crypton-x509-validation-1.6.14, data-accessor-0.2.3.1, data-accessor-transformers-0.2.1.8
  - data-default-0.8.0.1, data-default-class-0.2.0.0, data-fix-0.3.4, data-lens-light-0.1.2.4, diagrams-cairo-1.5, diagrams-core-1.5.1.1, diagrams-lib-1.5.0.1
  - diagrams-postscript-1.5.3, diagrams-solve-0.1.3.1, diagrams-svg-1.5, distributive-0.6.2.1, dlist-1.0, dual-tree-0.2.3.1, easy-file-0.2.5, ech-config-0.0.1
  - entropy-0.4.1.11, envparse-0.6.0, errors-2.3.0, extra-1.8, fail-4.9.0.0, fast-logger-3.2.6, fgl-5.8.3.0, file-embed-0.0.16.0, fingertree-0.1.6.2, fixed-0.3
  - fmlist-0.9.4, free-5.2, generated-0.1.0.0, generically-0.1.1, glib-0.13.12.0, gloss-1.13.2.2, gloss-rendering-1.13.2.1, gnuplot-0.5.7, groups-0.5.3
  - gtk2hs-buildtools-0.13.12.0, half-0.3.3, happy-2.1.7, happy-lib-2.1.7, happy-meta-0.2.1.0, hashable-1.5.0.0, hashtables-1.4.2, haskell-lexer-1.2.1, haskell-src-1.0.4.2
  - haskell-src-exts-1.23.1, haskell-src-meta-0.8.15, hedis-0.15.2, hourglass-0.2.12, hpke-0.0.0, hsc2hs-0.68.10, hslogger-1.3.2.0, hspec-2.11.13, hspec-core-2.11.13
  - hspec-discover-2.11.13, hspec-expectations-0.8.4, hspec-expectations-lifted-0.10.0, http-client-0.7.19, http-client-tls-0.3.6.4, http-conduit-2.3.9.1, http-types-0.12.4
  - hxt-9.3.1.22, hxt-charproperties-9.5.0.0, hxt-http-9.1.5.2, hxt-regex-xmlschema-9.2.0.7, hxt-unicode-9.0.2.4, hyphenation-0.8.3, indexed-traversable-0.1.4
  - indexed-traversable-instances-0.1.2, integer-conversion-0.1.1, integer-logarithms-1.0.4, intervals-0.9.3, invariant-0.6.4, iproute-1.7.15, kan-extensions-5.2.7
  ...

Building: 0

Completed: 0
